QuestaSim vlog 10.6c Compiler 2017.07 Jul 25 2017
Start time: 09:55:11 on May 12,2026
vlog -sv "+acc" "+cover" "+fcover" -l ahb_compile.log -f ../ahb_compile.f 
-- Compiling package AhbGlobalPackage
-- Compiling package AhbMasterPackage
** Note: (vlog-2286) ../../src/hvlTop/masterAgent/AhbMasterPackage.sv(6): Using implicit +incdir+/tools/mentor/questasim_10.6c/questasim/uvm-1.1d/../verilog_src/uvm-1.1d/src from import uvm_pkg
-- Importing package mtiUvm.uvm_pkg (uvm-1.1d Built-in)
-- Importing package AhbGlobalPackage
-- Compiling package AhbSlavePackage
-- Compiling package AhbMasterSequencePackage
-- Importing package AhbMasterPackage
-- Compiling package AhbSlaveSequencePackage
-- Importing package AhbSlavePackage
-- Compiling package AhbEnvironmentPackage
** Warning: ** while parsing file included at ../../src/hvlTop/environment/AhbEnvironmentPackage.sv(28)
** at ../../src/hvlTop/environment/AhbScoreboard.sv(250): (vlog-2897) Using non-standard foreach loop variable list syntax.
-- Compiling package AhbVirtualSequencePackage
-- Importing package AhbMasterSequencePackage
-- Importing package AhbSlaveSequencePackage
-- Importing package AhbEnvironmentPackage
-- Compiling package AhbTestPackage
-- Importing package AhbVirtualSequencePackage
** Warning: ../../src/hvlTop/tb/test/AhbBaseTest.sv(63): (vlog-2240) Treating stand-alone use of function 'randomize' as an implicit VOID cast.
-- Compiling package AhbInterface_sv_unit
-- Importing package AhbGlobalPackage
-- Compiling interface AhbInterface
-- Compiling package AhbInterconnect_sv_unit
-- Importing package AhbGlobalPackage
-- Compiling interface AhbInterconnect
** Warning: ../../src/hdlTop/interconnect/AhbInterconnect.sv(68): (vlog-2583) [SVCHK] - Some checking for conflicts with always_comb and always_latch variables not yet supported. Run vopt to provide additional design-level checks.
** Warning: ../../src/hdlTop/interconnect/AhbInterconnect.sv(69): (vlog-2583) [SVCHK] - Some checking for conflicts with always_comb and always_latch variables not yet supported. Run vopt to provide additional design-level checks.
** Warning: ../../src/hdlTop/interconnect/AhbInterconnect.sv(70): (vlog-2583) [SVCHK] - Some checking for conflicts with always_comb and always_latch variables not yet supported. Run vopt to provide additional design-level checks.
** Warning: ../../src/hdlTop/interconnect/AhbInterconnect.sv(71): (vlog-2583) [SVCHK] - Some checking for conflicts with always_comb and always_latch variables not yet supported. Run vopt to provide additional design-level checks.
** Warning: ../../src/hdlTop/interconnect/AhbInterconnect.sv(72): (vlog-2583) [SVCHK] - Some checking for conflicts with always_comb and always_latch variables not yet supported. Run vopt to provide additional design-level checks.
** Warning: ../../src/hdlTop/interconnect/AhbInterconnect.sv(73): (vlog-2583) [SVCHK] - Some checking for conflicts with always_comb and always_latch variables not yet supported. Run vopt to provide additional design-level checks.
** Warning: ../../src/hdlTop/interconnect/AhbInterconnect.sv(74): (vlog-2583) [SVCHK] - Some checking for conflicts with always_comb and always_latch variables not yet supported. Run vopt to provide additional design-level checks.
** Warning: ../../src/hdlTop/interconnect/AhbInterconnect.sv(75): (vlog-2583) [SVCHK] - Some checking for conflicts with always_comb and always_latch variables not yet supported. Run vopt to provide additional design-level checks.
** Warning: ../../src/hdlTop/interconnect/AhbInterconnect.sv(76): (vlog-2583) [SVCHK] - Some checking for conflicts with always_comb and always_latch variables not yet supported. Run vopt to provide additional design-level checks.
** Warning: ../../src/hdlTop/interconnect/AhbInterconnect.sv(77): (vlog-2583) [SVCHK] - Some checking for conflicts with always_comb and always_latch variables not yet supported. Run vopt to provide additional design-level checks.
** Warning: ../../src/hdlTop/interconnect/AhbInterconnect.sv(86): (vlog-2583) [SVCHK] - Some checking for conflicts with always_comb and always_latch variables not yet supported. Run vopt to provide additional design-level checks.
** Warning: ../../src/hdlTop/interconnect/AhbInterconnect.sv(87): (vlog-2583) [SVCHK] - Some checking for conflicts with always_comb and always_latch variables not yet supported. Run vopt to provide additional design-level checks.
** Warning: ../../src/hdlTop/interconnect/AhbInterconnect.sv(88): (vlog-2583) [SVCHK] - Some checking for conflicts with always_comb and always_latch variables not yet supported. Run vopt to provide additional design-level checks.
** Warning: ../../src/hdlTop/interconnect/AhbInterconnect.sv(120): (vlog-2583) [SVCHK] - Some checking for conflicts with always_comb and always_latch variables not yet supported. Run vopt to provide additional design-level checks.
** Warning: ../../src/hdlTop/interconnect/AhbInterconnect.sv(213): (vlog-2583) [SVCHK] - Some checking for conflicts with always_comb and always_latch variables not yet supported. Run vopt to provide additional design-level checks.
** Warning: ../../src/hdlTop/interconnect/AhbInterconnect.sv(214): (vlog-2583) [SVCHK] - Some checking for conflicts with always_comb and always_latch variables not yet supported. Run vopt to provide additional design-level checks.
** Warning: ../../src/hdlTop/interconnect/AhbInterconnect.sv(215): (vlog-2583) [SVCHK] - Some checking for conflicts with always_comb and always_latch variables not yet supported. Run vopt to provide additional design-level checks.
** Warning: ../../src/hdlTop/interconnect/AhbInterconnect.sv(215): (vlog-2583) [SVCHK] - Some checking for conflicts with always_comb and always_latch variables not yet supported. Run vopt to provide additional design-level checks.
** Warning: ../../src/hdlTop/interconnect/AhbInterconnect.sv(219): (vlog-2583) [SVCHK] - Some checking for conflicts with always_comb and always_latch variables not yet supported. Run vopt to provide additional design-level checks.
** Warning: ../../src/hdlTop/interconnect/AhbInterconnect.sv(224): (vlog-2583) [SVCHK] - Some checking for conflicts with always_comb and always_latch variables not yet supported. Run vopt to provide additional design-level checks.
** Warning: ../../src/hdlTop/interconnect/AhbInterconnect.sv(227): (vlog-2583) [SVCHK] - Some checking for conflicts with always_comb and always_latch variables not yet supported. Run vopt to provide additional design-level checks.
** Warning: ../../src/hdlTop/interconnect/AhbInterconnect.sv(229): (vlog-2583) [SVCHK] - Some checking for conflicts with always_comb and always_latch variables not yet supported. Run vopt to provide additional design-level checks.
** Warning: ../../src/hdlTop/interconnect/AhbInterconnect.sv(232): (vlog-2583) [SVCHK] - Some checking for conflicts with always_comb and always_latch variables not yet supported. Run vopt to provide additional design-level checks.
** Warning: ../../src/hdlTop/interconnect/AhbInterconnect.sv(232): (vlog-2583) [SVCHK] - Some checking for conflicts with always_comb and always_latch variables not yet supported. Run vopt to provide additional design-level checks.
** Warning: ../../src/hdlTop/interconnect/AhbInterconnect.sv(233): (vlog-2583) [SVCHK] - Some checking for conflicts with always_comb and always_latch variables not yet supported. Run vopt to provide additional design-level checks.
** Warning: ../../src/hdlTop/interconnect/AhbInterconnect.sv(241): (vlog-2583) [SVCHK] - Some checking for conflicts with always_comb and always_latch variables not yet supported. Run vopt to provide additional design-level checks.
** Warning: ../../src/hdlTop/interconnect/AhbInterconnect.sv(242): (vlog-2583) [SVCHK] - Some checking for conflicts with always_comb and always_latch variables not yet supported. Run vopt to provide additional design-level checks.
** Warning: ../../src/hdlTop/interconnect/AhbInterconnect.sv(243): (vlog-2583) [SVCHK] - Some checking for conflicts with always_comb and always_latch variables not yet supported. Run vopt to provide additional design-level checks.
** Warning: ../../src/hdlTop/interconnect/AhbInterconnect.sv(244): (vlog-2583) [SVCHK] - Some checking for conflicts with always_comb and always_latch variables not yet supported. Run vopt to provide additional design-level checks.
** Warning: ../../src/hdlTop/interconnect/AhbInterconnect.sv(245): (vlog-2583) [SVCHK] - Some checking for conflicts with always_comb and always_latch variables not yet supported. Run vopt to provide additional design-level checks.
** Warning: ../../src/hdlTop/interconnect/AhbInterconnect.sv(246): (vlog-2583) [SVCHK] - Some checking for conflicts with always_comb and always_latch variables not yet supported. Run vopt to provide additional design-level checks.
** Warning: ../../src/hdlTop/interconnect/AhbInterconnect.sv(247): (vlog-2583) [SVCHK] - Some checking for conflicts with always_comb and always_latch variables not yet supported. Run vopt to provide additional design-level checks.
** Warning: ../../src/hdlTop/interconnect/AhbInterconnect.sv(248): (vlog-2583) [SVCHK] - Some checking for conflicts with always_comb and always_latch variables not yet supported. Run vopt to provide additional design-level checks.
** Warning: ../../src/hdlTop/interconnect/AhbInterconnect.sv(249): (vlog-2583) [SVCHK] - Some checking for conflicts with always_comb and always_latch variables not yet supported. Run vopt to provide additional design-level checks.
** Warning: ../../src/hdlTop/interconnect/AhbInterconnect.sv(250): (vlog-2583) [SVCHK] - Some checking for conflicts with always_comb and always_latch variables not yet supported. Run vopt to provide additional design-level checks.
** Warning: ../../src/hdlTop/interconnect/AhbInterconnect.sv(251): (vlog-2583) [SVCHK] - Some checking for conflicts with always_comb and always_latch variables not yet supported. Run vopt to provide additional design-level checks.
** Warning: ../../src/hdlTop/interconnect/AhbInterconnect.sv(256): (vlog-2583) [SVCHK] - Some checking for conflicts with always_comb and always_latch variables not yet supported. Run vopt to provide additional design-level checks.
** Warning: ../../src/hdlTop/interconnect/AhbInterconnect.sv(257): (vlog-2583) [SVCHK] - Some checking for conflicts with always_comb and always_latch variables not yet supported. Run vopt to provide additional design-level checks.
** Warning: ../../src/hdlTop/interconnect/AhbInterconnect.sv(258): (vlog-2583) [SVCHK] - Some checking for conflicts with always_comb and always_latch variables not yet supported. Run vopt to provide additional design-level checks.
** Warning: ../../src/hdlTop/interconnect/AhbInterconnect.sv(259): (vlog-2583) [SVCHK] - Some checking for conflicts with always_comb and always_latch variables not yet supported. Run vopt to provide additional design-level checks.
** Warning: ../../src/hdlTop/interconnect/AhbInterconnect.sv(260): (vlog-2583) [SVCHK] - Some checking for conflicts with always_comb and always_latch variables not yet supported. Run vopt to provide additional design-level checks.
** Warning: ../../src/hdlTop/interconnect/AhbInterconnect.sv(261): (vlog-2583) [SVCHK] - Some checking for conflicts with always_comb and always_latch variables not yet supported. Run vopt to provide additional design-level checks.
** Warning: ../../src/hdlTop/interconnect/AhbInterconnect.sv(262): (vlog-2583) [SVCHK] - Some checking for conflicts with always_comb and always_latch variables not yet supported. Run vopt to provide additional design-level checks.
** Warning: ../../src/hdlTop/interconnect/AhbInterconnect.sv(263): (vlog-2583) [SVCHK] - Some checking for conflicts with always_comb and always_latch variables not yet supported. Run vopt to provide additional design-level checks.
** Warning: ../../src/hdlTop/interconnect/AhbInterconnect.sv(264): (vlog-2583) [SVCHK] - Some checking for conflicts with always_comb and always_latch variables not yet supported. Run vopt to provide additional design-level checks.
** Warning: ../../src/hdlTop/interconnect/AhbInterconnect.sv(265): (vlog-2583) [SVCHK] - Some checking for conflicts with always_comb and always_latch variables not yet supported. Run vopt to provide additional design-level checks.
** Warning: ../../src/hdlTop/interconnect/AhbInterconnect.sv(266): (vlog-2583) [SVCHK] - Some checking for conflicts with always_comb and always_latch variables not yet supported. Run vopt to provide additional design-level checks.
** Warning: ../../src/hdlTop/interconnect/AhbInterconnect.sv(267): (vlog-2583) [SVCHK] - Some checking for conflicts with always_comb and always_latch variables not yet supported. Run vopt to provide additional design-level checks.
** Warning: ../../src/hdlTop/interconnect/AhbInterconnect.sv(270): (vlog-2583) [SVCHK] - Some checking for conflicts with always_comb and always_latch variables not yet supported. Run vopt to provide additional design-level checks.
** Warning: ../../src/hdlTop/interconnect/AhbInterconnect.sv(270): (vlog-2583) [SVCHK] - Some checking for conflicts with always_comb and always_latch variables not yet supported. Run vopt to provide additional design-level checks.
** Warning: ../../src/hdlTop/interconnect/AhbInterconnect.sv(272): (vlog-2583) [SVCHK] - Some checking for conflicts with always_comb and always_latch variables not yet supported. Run vopt to provide additional design-level checks.
** Warning: ../../src/hdlTop/interconnect/AhbInterconnect.sv(275): (vlog-2583) [SVCHK] - Some checking for conflicts with always_comb and always_latch variables not yet supported. Run vopt to provide additional design-level checks.
** Warning: ../../src/hdlTop/interconnect/AhbInterconnect.sv(276): (vlog-2583) [SVCHK] - Some checking for conflicts with always_comb and always_latch variables not yet supported. Run vopt to provide additional design-level checks.
** Warning: ../../src/hdlTop/interconnect/AhbInterconnect.sv(277): (vlog-2583) [SVCHK] - Some checking for conflicts with always_comb and always_latch variables not yet supported. Run vopt to provide additional design-level checks.
** Warning: ../../src/hdlTop/interconnect/AhbInterconnect.sv(278): (vlog-2583) [SVCHK] - Some checking for conflicts with always_comb and always_latch variables not yet supported. Run vopt to provide additional design-level checks.
** Warning: ../../src/hdlTop/interconnect/AhbInterconnect.sv(279): (vlog-2583) [SVCHK] - Some checking for conflicts with always_comb and always_latch variables not yet supported. Run vopt to provide additional design-level checks.
** Warning: ../../src/hdlTop/interconnect/AhbInterconnect.sv(280): (vlog-2583) [SVCHK] - Some checking for conflicts with always_comb and always_latch variables not yet supported. Run vopt to provide additional design-level checks.
** Warning: ../../src/hdlTop/interconnect/AhbInterconnect.sv(281): (vlog-2583) [SVCHK] - Some checking for conflicts with always_comb and always_latch variables not yet supported. Run vopt to provide additional design-level checks.
** Warning: ../../src/hdlTop/interconnect/AhbInterconnect.sv(282): (vlog-2583) [SVCHK] - Some checking for conflicts with always_comb and always_latch variables not yet supported. Run vopt to provide additional design-level checks.
** Warning: ../../src/hdlTop/interconnect/AhbInterconnect.sv(283): (vlog-2583) [SVCHK] - Some checking for conflicts with always_comb and always_latch variables not yet supported. Run vopt to provide additional design-level checks.
** Warning: ../../src/hdlTop/interconnect/AhbInterconnect.sv(284): (vlog-2583) [SVCHK] - Some checking for conflicts with always_comb and always_latch variables not yet supported. Run vopt to provide additional design-level checks.
** Warning: ../../src/hdlTop/interconnect/AhbInterconnect.sv(285): (vlog-2583) [SVCHK] - Some checking for conflicts with always_comb and always_latch variables not yet supported. Run vopt to provide additional design-level checks.
** Warning: ../../src/hdlTop/interconnect/AhbInterconnect.sv(286): (vlog-2583) [SVCHK] - Some checking for conflicts with always_comb and always_latch variables not yet supported. Run vopt to provide additional design-level checks.
** Warning: ../../src/hdlTop/interconnect/AhbInterconnect.sv(290): (vlog-2583) [SVCHK] - Some checking for conflicts with always_comb and always_latch variables not yet supported. Run vopt to provide additional design-level checks.
** Warning: ../../src/hdlTop/interconnect/AhbInterconnect.sv(304): (vlog-2583) [SVCHK] - Some checking for conflicts with always_comb and always_latch variables not yet supported. Run vopt to provide additional design-level checks.
** Warning: ../../src/hdlTop/interconnect/AhbInterconnect.sv(304): (vlog-2583) [SVCHK] - Some checking for conflicts with always_comb and always_latch variables not yet supported. Run vopt to provide additional design-level checks.
** Warning: ../../src/hdlTop/interconnect/AhbInterconnect.sv(305): (vlog-2583) [SVCHK] - Some checking for conflicts with always_comb and always_latch variables not yet supported. Run vopt to provide additional design-level checks.
** Warning: ../../src/hdlTop/interconnect/AhbInterconnect.sv(306): (vlog-2583) [SVCHK] - Some checking for conflicts with always_comb and always_latch variables not yet supported. Run vopt to provide additional design-level checks.
** Warning: ../../src/hdlTop/interconnect/AhbInterconnect.sv(307): (vlog-2583) [SVCHK] - Some checking for conflicts with always_comb and always_latch variables not yet supported. Run vopt to provide additional design-level checks.
** Warning: ../../src/hdlTop/interconnect/AhbInterconnect.sv(308): (vlog-2583) [SVCHK] - Some checking for conflicts with always_comb and always_latch variables not yet supported. Run vopt to provide additional design-level checks.
** Warning: ../../src/hdlTop/interconnect/AhbInterconnect.sv(312): (vlog-2583) [SVCHK] - Some checking for conflicts with always_comb and always_latch variables not yet supported. Run vopt to provide additional design-level checks.
** Warning: ../../src/hdlTop/interconnect/AhbInterconnect.sv(313): (vlog-2583) [SVCHK] - Some checking for conflicts with always_comb and always_latch variables not yet supported. Run vopt to provide additional design-level checks.
** Warning: ../../src/hdlTop/interconnect/AhbInterconnect.sv(313): (vlog-2583) [SVCHK] - Some checking for conflicts with always_comb and always_latch variables not yet supported. Run vopt to provide additional design-level checks.
** Warning: ../../src/hdlTop/interconnect/AhbInterconnect.sv(314): (vlog-2583) [SVCHK] - Some checking for conflicts with always_comb and always_latch variables not yet supported. Run vopt to provide additional design-level checks.
** Warning: ../../src/hdlTop/interconnect/AhbInterconnect.sv(317): (vlog-2583) [SVCHK] - Some checking for conflicts with always_comb and always_latch variables not yet supported. Run vopt to provide additional design-level checks.
** Warning: ../../src/hdlTop/interconnect/AhbInterconnect.sv(320): (vlog-2583) [SVCHK] - Some checking for conflicts with always_comb and always_latch variables not yet supported. Run vopt to provide additional design-level checks.
** Warning: ../../src/hdlTop/interconnect/AhbInterconnect.sv(321): (vlog-2583) [SVCHK] - Some checking for conflicts with always_comb and always_latch variables not yet supported. Run vopt to provide additional design-level checks.
** Warning: ../../src/hdlTop/interconnect/AhbInterconnect.sv(325): (vlog-2583) [SVCHK] - Some checking for conflicts with always_comb and always_latch variables not yet supported. Run vopt to provide additional design-level checks.
** Warning: ../../src/hdlTop/interconnect/AhbInterconnect.sv(326): (vlog-2583) [SVCHK] - Some checking for conflicts with always_comb and always_latch variables not yet supported. Run vopt to provide additional design-level checks.
** Warning: ../../src/hdlTop/interconnect/AhbInterconnect.sv(327): (vlog-2583) [SVCHK] - Some checking for conflicts with always_comb and always_latch variables not yet supported. Run vopt to provide additional design-level checks.
** Warning: ../../src/hdlTop/interconnect/AhbInterconnect.sv(328): (vlog-2583) [SVCHK] - Some checking for conflicts with always_comb and always_latch variables not yet supported. Run vopt to provide additional design-level checks.
** Warning: ../../src/hdlTop/interconnect/AhbInterconnect.sv(329): (vlog-2583) [SVCHK] - Some checking for conflicts with always_comb and always_latch variables not yet supported. Run vopt to provide additional design-level checks.
** Warning: ../../src/hdlTop/interconnect/AhbInterconnect.sv(330): (vlog-2583) [SVCHK] - Some checking for conflicts with always_comb and always_latch variables not yet supported. Run vopt to provide additional design-level checks.
** Warning: ../../src/hdlTop/interconnect/AhbInterconnect.sv(331): (vlog-2583) [SVCHK] - Some checking for conflicts with always_comb and always_latch variables not yet supported. Run vopt to provide additional design-level checks.
** Warning: ../../src/hdlTop/interconnect/AhbInterconnect.sv(332): (vlog-2583) [SVCHK] - Some checking for conflicts with always_comb and always_latch variables not yet supported. Run vopt to provide additional design-level checks.
** Warning: ../../src/hdlTop/interconnect/AhbInterconnect.sv(333): (vlog-2583) [SVCHK] - Some checking for conflicts with always_comb and always_latch variables not yet supported. Run vopt to provide additional design-level checks.
** Warning: ../../src/hdlTop/interconnect/AhbInterconnect.sv(334): (vlog-2583) [SVCHK] - Some checking for conflicts with always_comb and always_latch variables not yet supported. Run vopt to provide additional design-level checks.
** Warning: ../../src/hdlTop/interconnect/AhbInterconnect.sv(335): (vlog-2583) [SVCHK] - Some checking for conflicts with always_comb and always_latch variables not yet supported. Run vopt to provide additional design-level checks.
** Warning: ../../src/hdlTop/interconnect/AhbInterconnect.sv(339): (vlog-2583) [SVCHK] - Some checking for conflicts with always_comb and always_latch variables not yet supported. Run vopt to provide additional design-level checks.
** Warning: ../../src/hdlTop/interconnect/AhbInterconnect.sv(340): (vlog-2583) [SVCHK] - Some checking for conflicts with always_comb and always_latch variables not yet supported. Run vopt to provide additional design-level checks.
** Warning: ../../src/hdlTop/interconnect/AhbInterconnect.sv(344): (vlog-2583) [SVCHK] - Some checking for conflicts with always_comb and always_latch variables not yet supported. Run vopt to provide additional design-level checks.
** Warning: ../../src/hdlTop/interconnect/AhbInterconnect.sv(345): (vlog-2583) [SVCHK] - Some checking for conflicts with always_comb and always_latch variables not yet supported. Run vopt to provide additional design-level checks.
** Warning: ../../src/hdlTop/interconnect/AhbInterconnect.sv(346): (vlog-2583) [SVCHK] - Some checking for conflicts with always_comb and always_latch variables not yet supported. Run vopt to provide additional design-level checks.
** Warning: ../../src/hdlTop/interconnect/AhbInterconnect.sv(358): (vlog-2583) [SVCHK] - Some checking for conflicts with always_comb and always_latch variables not yet supported. Run vopt to provide additional design-level checks.
** Warning: ../../src/hdlTop/interconnect/AhbInterconnect.sv(359): (vlog-2583) [SVCHK] - Some checking for conflicts with always_comb and always_latch variables not yet supported. Run vopt to provide additional design-level checks.
** Warning: ../../src/hdlTop/interconnect/AhbInterconnect.sv(359): (vlog-2583) [SVCHK] - Some checking for conflicts with always_comb and always_latch variables not yet supported. Run vopt to provide additional design-level checks.
** Warning: ../../src/hdlTop/interconnect/AhbInterconnect.sv(361): (vlog-2583) [SVCHK] - Some checking for conflicts with always_comb and always_latch variables not yet supported. Run vopt to provide additional design-level checks.
** Warning: ../../src/hdlTop/interconnect/AhbInterconnect.sv(364): (vlog-2583) [SVCHK] - Some checking for conflicts with always_comb and always_latch variables not yet supported. Run vopt to provide additional design-level checks.
** Warning: ../../src/hdlTop/interconnect/AhbInterconnect.sv(376): (vlog-2583) [SVCHK] - Some checking for conflicts with always_comb and always_latch variables not yet supported. Run vopt to provide additional design-level checks.
** Warning: ../../src/hdlTop/interconnect/AhbInterconnect.sv(376): (vlog-2583) [SVCHK] - Some checking for conflicts with always_comb and always_latch variables not yet supported. Run vopt to provide additional design-level checks.
** Warning: ../../src/hdlTop/interconnect/AhbInterconnect.sv(378): (vlog-2583) [SVCHK] - Some checking for conflicts with always_comb and always_latch variables not yet supported. Run vopt to provide additional design-level checks.
** Warning: ../../src/hdlTop/interconnect/AhbInterconnect.sv(392): (vlog-2583) [SVCHK] - Some checking for conflicts with always_comb and always_latch variables not yet supported. Run vopt to provide additional design-level checks.
** Warning: ../../src/hdlTop/interconnect/AhbInterconnect.sv(395): (vlog-2583) [SVCHK] - Some checking for conflicts with always_comb and always_latch variables not yet supported. Run vopt to provide additional design-level checks.
** Warning: ../../src/hdlTop/interconnect/AhbInterconnect.sv(397): (vlog-2583) [SVCHK] - Some checking for conflicts with always_comb and always_latch variables not yet supported. Run vopt to provide additional design-level checks.
** Warning: ../../src/hdlTop/interconnect/AhbInterconnect.sv(397): (vlog-2583) [SVCHK] - Some checking for conflicts with always_comb and always_latch variables not yet supported. Run vopt to provide additional design-level checks.
** Warning: ../../src/hdlTop/interconnect/AhbInterconnect.sv(399): (vlog-2583) [SVCHK] - Some checking for conflicts with always_comb and always_latch variables not yet supported. Run vopt to provide additional design-level checks.
** Warning: ../../src/hdlTop/interconnect/AhbInterconnect.sv(400): (vlog-2583) [SVCHK] - Some checking for conflicts with always_comb and always_latch variables not yet supported. Run vopt to provide additional design-level checks.
** Warning: ../../src/hdlTop/interconnect/AhbInterconnect.sv(413): (vlog-2583) [SVCHK] - Some checking for conflicts with always_comb and always_latch variables not yet supported. Run vopt to provide additional design-level checks.
** Warning: ../../src/hdlTop/interconnect/AhbInterconnect.sv(414): (vlog-2583) [SVCHK] - Some checking for conflicts with always_comb and always_latch variables not yet supported. Run vopt to provide additional design-level checks.
** Warning: ../../src/hdlTop/interconnect/AhbInterconnect.sv(415): (vlog-2583) [SVCHK] - Some checking for conflicts with always_comb and always_latch variables not yet supported. Run vopt to provide additional design-level checks.
** Warning: ../../src/hdlTop/interconnect/AhbInterconnect.sv(416): (vlog-2583) [SVCHK] - Some checking for conflicts with always_comb and always_latch variables not yet supported. Run vopt to provide additional design-level checks.
** Warning: ../../src/hdlTop/interconnect/AhbInterconnect.sv(417): (vlog-2583) [SVCHK] - Some checking for conflicts with always_comb and always_latch variables not yet supported. Run vopt to provide additional design-level checks.
** Warning: ../../src/hdlTop/interconnect/AhbInterconnect.sv(418): (vlog-2583) [SVCHK] - Some checking for conflicts with always_comb and always_latch variables not yet supported. Run vopt to provide additional design-level checks.
** Warning: ../../src/hdlTop/interconnect/AhbInterconnect.sv(419): (vlog-2583) [SVCHK] - Some checking for conflicts with always_comb and always_latch variables not yet supported. Run vopt to provide additional design-level checks.
** Warning: ../../src/hdlTop/interconnect/AhbInterconnect.sv(420): (vlog-2583) [SVCHK] - Some checking for conflicts with always_comb and always_latch variables not yet supported. Run vopt to provide additional design-level checks.
** Warning: ../../src/hdlTop/interconnect/AhbInterconnect.sv(421): (vlog-2583) [SVCHK] - Some checking for conflicts with always_comb and always_latch variables not yet supported. Run vopt to provide additional design-level checks.
** Warning: ../../src/hdlTop/interconnect/AhbInterconnect.sv(422): (vlog-2583) [SVCHK] - Some checking for conflicts with always_comb and always_latch variables not yet supported. Run vopt to provide additional design-level checks.
** Warning: ../../src/hdlTop/interconnect/AhbInterconnect.sv(423): (vlog-2583) [SVCHK] - Some checking for conflicts with always_comb and always_latch variables not yet supported. Run vopt to provide additional design-level checks.
** Warning: ../../src/hdlTop/interconnect/AhbInterconnect.sv(436): (vlog-2583) [SVCHK] - Some checking for conflicts with always_comb and always_latch variables not yet supported. Run vopt to provide additional design-level checks.
** Warning: ../../src/hdlTop/interconnect/AhbInterconnect.sv(437): (vlog-2583) [SVCHK] - Some checking for conflicts with always_comb and always_latch variables not yet supported. Run vopt to provide additional design-level checks.
** Warning: ../../src/hdlTop/interconnect/AhbInterconnect.sv(439): (vlog-2583) [SVCHK] - Some checking for conflicts with always_comb and always_latch variables not yet supported. Run vopt to provide additional design-level checks.
** Warning: ../../src/hdlTop/interconnect/AhbInterconnect.sv(439): (vlog-2583) [SVCHK] - Some checking for conflicts with always_comb and always_latch variables not yet supported. Run vopt to provide additional design-level checks.
** Warning: ../../src/hdlTop/interconnect/AhbInterconnect.sv(441): (vlog-2583) [SVCHK] - Some checking for conflicts with always_comb and always_latch variables not yet supported. Run vopt to provide additional design-level checks.
** Warning: ../../src/hdlTop/interconnect/AhbInterconnect.sv(444): (vlog-2583) [SVCHK] - Some checking for conflicts with always_comb and always_latch variables not yet supported. Run vopt to provide additional design-level checks.
** Warning: ../../src/hdlTop/interconnect/AhbInterconnect.sv(446): (vlog-2583) [SVCHK] - Some checking for conflicts with always_comb and always_latch variables not yet supported. Run vopt to provide additional design-level checks.
** Warning: ../../src/hdlTop/interconnect/AhbInterconnect.sv(447): (vlog-2583) [SVCHK] - Some checking for conflicts with always_comb and always_latch variables not yet supported. Run vopt to provide additional design-level checks.
** Warning: ../../src/hdlTop/interconnect/AhbInterconnect.sv(447): (vlog-2583) [SVCHK] - Some checking for conflicts with always_comb and always_latch variables not yet supported. Run vopt to provide additional design-level checks.
** Warning: ../../src/hdlTop/interconnect/AhbInterconnect.sv(449): (vlog-2583) [SVCHK] - Some checking for conflicts with always_comb and always_latch variables not yet supported. Run vopt to provide additional design-level checks.
** Warning: ../../src/hdlTop/interconnect/AhbInterconnect.sv(454): (vlog-2583) [SVCHK] - Some checking for conflicts with always_comb and always_latch variables not yet supported. Run vopt to provide additional design-level checks.
-- Compiling package AhbMasterDriverBFM_sv_unit
-- Importing package AhbGlobalPackage
-- Compiling interface AhbMasterDriverBFM
-- Importing package AhbMasterPackage
-- Importing package mtiUvm.uvm_pkg (uvm-1.1d Built-in)
-- Compiling package AhbMasterMonitorBFM_sv_unit
-- Importing package AhbGlobalPackage
-- Compiling interface AhbMasterMonitorBFM
-- Importing package mtiUvm.uvm_pkg (uvm-1.1d Built-in)
-- Importing package AhbMasterPackage
-- Compiling module AhbMasterAgentBFM
-- Compiling package AhbMasterAssertion_sv_unit
-- Importing package AhbGlobalPackage
-- Compiling interface AhbMasterAssertion
-- Importing package mtiUvm.uvm_pkg (uvm-1.1d Built-in)
-- Compiling package AhbSlaveDriverBFM_sv_unit
-- Importing package AhbGlobalPackage
-- Compiling interface AhbSlaveDriverBFM
-- Importing package AhbSlavePackage
-- Importing package mtiUvm.uvm_pkg (uvm-1.1d Built-in)
-- Compiling package AhbSlaveMonitorBFM_sv_unit
-- Importing package AhbGlobalPackage
-- Compiling interface AhbSlaveMonitorBFM
-- Importing package mtiUvm.uvm_pkg (uvm-1.1d Built-in)
-- Importing package AhbSlavePackage
-- Compiling module AhbSlaveAgentBFM
-- Compiling package AhbSlaveAssertion_sv_unit
-- Importing package AhbGlobalPackage
-- Compiling interface AhbSlaveAssertion
-- Compiling package AhbMasterCoverProperty_sv_unit
-- Importing package AhbGlobalPackage
-- Compiling interface AhbMasterCoverProperty
-- Importing package mtiUvm.uvm_pkg (uvm-1.1d Built-in)
-- Compiling package AhbSlaveCoverProperty_sv_unit
-- Importing package AhbGlobalPackage
-- Compiling interface AhbSlaveCoverProperty
-- Importing package mtiUvm.uvm_pkg (uvm-1.1d Built-in)
-- Compiling module HdlTop
-- Compiling module HvlTop
-- Importing package AhbTestPackage
-- Importing package AhbMasterPackage
-- Importing package AhbSlavePackage
-- Importing package AhbEnvironmentPackage
-- Importing package AhbMasterSequencePackage
-- Importing package AhbSlaveSequencePackage
-- Importing package AhbVirtualSequencePackage

Top level modules:
	HdlTop
	HvlTop
End time: 09:55:15 on May 12,2026, Elapsed time: 0:00:04
Errors: 0, Warnings: 131
